date=2022-03-21 time=04:12:22 user=123 Status=Failed 
date=2022-03-21 time=04:17:19 user="123" Status=Failed 
date=2022-03-30 time=09:33:05 user="123" Status=Failed 
date=2022-03-30 time=09:44:28 user="123" Status=failed 
date=2022-03-30 time=09:51:04 user="123" Status=failed 
date=2022-03-30 time=09:54:03 user="123" Status=failed 
date=2022-03-30 time=09:54:03 user="123" Status=failed 
date=2022-03-30 time=09:59:09 user="123" Status=failed 
date=2022-03-30 time=10:03:28 user="123" Status=failed 
date=2022-03-30 time=10:04:11 user="123" Status=failed 
date=2022-03-30 time=10:08:19 user="123" Status=failed 
date=2022-03-30 time=10:09:25 user="123" Status=failed 
date=2022-03-30 time=10:11:20 user="123" Status=failed 
date=2022-03-30 time=10:14:20 user="123" Status=failed 
date=2022-03-30 time=10:26:19 user="123" Status=failed 
date=2022-03-30 time=10:30:04 user="123" Status=failed 
date=2022-03-30 time=10:42:08 user="123" Status=failed 
date=2022-03-30 time=10:49:28 user="123" Status=failed 
date=2022-03-30 time=10:49:30 user="123" Status=failed 
date=2022-03-30 time=13:05:44 user="123" Status=failed 
date=2022-03-30 time=13:22:52 user="123" Status=failed 
date=2022-03-30 time=13:22:54 user="123" Status=failed 
date=2022-03-30 time=13:32:08 user="123" Status=failed 
date=2022-03-30 time=13:32:08 user="123" Status=failed 
date=2022-03-30 time=14:57:11 user="123" Status=failed 
date=2022-03-30 time=15:28:49 user="123" Status=failed 
date=2022-03-31 time=01:30:01 user="123" Status=failed 
date=2022-03-31 time=03:07:51 user="123" Status=failed 
date=2022-03-31 time=03:13:06 user="123" Status=failed 
date=2022-03-31 time=03:24:55 user="123" Status=failed 
date=2022-03-31 time=03:25:07 user="123" Status=failed 
date=2022-03-31 time=03:29:13 user="123542321`" Status=failed 
date=2022-03-31 time=03:30:47 user="jgkugk" Status=failed 
date=2022-03-31 time=14:59:28 user="123" Status=failed 
date=2022-03-31 time=15:04:55 user="123" Status=failed 
date=2022-03-31 time=15:06:46 user="123" Status=failed 
date=2022-04-01 time=09:08:23 user="123" Status=failed 
date=2022-04-01 time=09:09:05 user="123" Status=failed 
date=2022-04-01 time=09:13:00 user="123" Status=failed 
date=2022-04-01 time=09:52:44 user="123" Status=failed 
date=2022-04-01 time=09:54:22 user="123" Status=failed 
date=2022-04-01 time=10:20:03 user="123" Status=failed 
date=2022-04-01 time=10:20:07 user="123" Status=failed 
date=2022-04-01 time=10:20:15 user="api" Status=failed 
date=2022-04-01 time=10:20:22 user="api" Status=Pass 
date=2022-04-08 time=03:40:48 user="123" Status=failed 
date=2022-04-08 time=03:40:57 user="fsedghrsh" Status=failed 
date=2022-04-08 time=03:56:08 user="grshsd" Status=failed 
date=2022-04-08 time=03:59:12 user="ygrswhsr" Status=failed 
date=2022-04-08 time=04:02:30 user="dj" Status=failed 
date=2022-04-08 time=04:07:08 user="s" Status=failed 
date=2022-04-08 time=04:16:47 user="123" Status=failed 
date=2022-04-08 time=04:19:07 user="123" Status=failed 
date=2022-04-08 time=04:19:12 user="jrdtjsrfx" Status=failed 
date=2022-04-08 time=04:19:19 user="123" Status=failed 
date=2022-04-08 time=12:02:45 user="api" Status=failed 
date=2022-04-08 time=12:05:09 user="api" Status=Pass 
date=2022-04-08 time=12:07:19 user="api" Status=Pass 
date=2022-04-08 time=12:10:13 user="api" Status=Pass 
date=2022-04-08 time=12:13:47 user="api" Status=Pass 
date=2022-04-08 time=12:13:56 user="api" Status=Pass 
date=2022-04-08 time=12:14:07 user="api" Status=failed 
date=2022-04-08 time=12:14:13 user="api" Status=Pass 
date=2022-04-09 time=05:38:28 user="api" Status=failed 
date=2022-04-09 time=05:40:02 user="api" Status=Pass 
date=2022-04-09 time=05:49:16 user="api" Status=Pass 
date=2022-04-09 time=06:05:51 user="api" Status=Pass 
date=2022-04-09 time=06:14:41 user="kathan" Status=failed 
date=2022-04-16 time=13:45:34 user="king" Status=Pass 
date=2022-04-16 time=13:46:06 user="king" Status=failed 
date=2022-04-16 time=13:46:14 user="king" Status=Pass 
date=2022-04-19 time=12:44:39 user="api" Status=Pass 
date=2022-04-19 time=12:58:22 user="api" Status=Pass 
date=2022-04-19 time=13:13:26 user="api" Status=Pass 
date=2022-04-26 time=14:38:47 user="api" Status=Pass 
